PS C:\Users\user\Projects\PythonProjects\learn-codesignal-ml> python .\script\scrape-path-url-folder.py https://codesignal.com/learn/paths/overview-of-aws-development
Scraping: https://codesignal.com/learn/paths/overview-of-aws-development
Error: Page.goto: Timeout 60000ms exceeded.
Call log:
  - navigating to "https://codesignal.com/learn/paths/overview-of-aws-development", waiting until "networkidle"

Traceback (most recent call last):
  File "C:\Users\user\Projects\PythonProjects\learn-codesignal-ml\script\scrape-path-url-folder.py", line 179, in main
    path_data = scrape_path_page(args.path_url)
  File "C:\Users\user\Projects\PythonProjects\learn-codesignal-ml\script\scrape-path-url-folder.py", line 117, in scrape_path_page
    page.goto(url, wait_until="networkidle", timeout=60000)
    ~~~~~~~~~^^^^^^^^^^^^^^^^^^^^^^^^^^^^^^^^^^^^^^^^^^^^^^
  File "C:\Users\user\AppData\Local\Programs\Python\Python313\Lib\site-packages\playwright\sync_api\_generated.py", line 9612, in goto
    self._sync(
    ~~~~~~~~~~^
        self._impl_obj.goto(
        ^^^^^^^^^^^^^^^^^^^^
    ...<4 lines>...
        )
        ^
    )
    ^
  File "C:\Users\user\AppData\Local\Programs\Python\Python313\Lib\site-packages\playwright\_impl\_sync_base.py", line 115, in _sync
    return task.result()
           ~~~~~~~~~~~^^
  File "C:\Users\user\AppData\Local\Programs\Python\Python313\Lib\site-packages\playwright\_impl\_page.py", line 557, in goto
    return await self._main_frame.goto(**locals_to_params(locals()))
           ^^^^^^^^^^^^^^^^^^^^^^^^^^^^^^^^^^^^^^^^^^^^^^^^^^^^^^^^^
  File "C:\Users\user\AppData\Local\Programs\Python\Python313\Lib\site-packages\playwright\_impl\_frame.py", line 156, in goto
    await self._channel.send(
        "goto", self._navigation_timeout, locals_to_params(locals())
    )
  File "C:\Users\user\AppData\Local\Programs\Python\Python313\Lib\site-packages\playwright\_impl\_connection.py", line 69, in send
    return await self._connection.wrap_api_call(
           ^^^^^^^^^^^^^^^^^^^^^^^^^^^^^^^^^^^^^
    ...<3 lines>...
    )
    ^
  File "C:\Users\user\AppData\Local\Programs\Python\Python313\Lib\site-packages\playwright\_impl\_connection.py", line 559, in wrap_api_call
    raise rewrite_error(error, f"{parsed_st['apiName']}: {error}") from None
playwright._impl._errors.TimeoutError: Page.goto: Timeout 60000ms exceeded.
Call log:
  - navigating to "https://codesignal.com/learn/paths/overview-of-aws-development", waiting until "networkidle"